Microchip MPLAB XC8 Compiler V2.31

Linker command line:

-W-3 --edf=C:\Program Files\Microchip\xc8\v2.31\pic\dat\en_msgs.txt -cn \
  -h+dist/default/production\PIC18F46K22_LoRa_TEMPHUM_V4.X.production.sym \
  --cmf=dist/default/production\PIC18F46K22_LoRa_TEMPHUM_V4.X.production.cmf \
  -z -Q18F46K22 -oC:\Users\andym\AppData\Local\Temp\seb4.2 \
  --defsym=__MPLAB_BUILD=1 \
  -Mdist/default/production/PIC18F46K22_LoRa_TEMPHUM_V4.X.production.map \
  -E1 -ver=XC8 Compiler --acfsm=1493 -ASTACK=0D7h-0F37h -pstack=STACK \
  -ACODE=00h-0FFFFh -ACONST=00h-0FFFFh -ASMALLCONST=01000h-010FFhx240 \
  -AMEDIUMCONST=01000h-0FFFFh -ACOMRAM=01h-05Fh -AABS1=00h-0F37h \
  -ABIGRAM=01h-0F37h -ARAM=060h-0FFh,0100h-01FFhx14,0F00h-0F37h \
  -ABANK0=060h-0FFh -ABANK1=0100h-01FFh -ABANK2=0200h-02FFh \
  -ABANK3=0300h-03FFh -ABANK4=0400h-04FFh -ABANK5=0500h-05FFh \
  -ABANK6=0600h-06FFh -ABANK7=0700h-07FFh -ABANK8=0800h-08FFh \
  -ABANK9=0900h-09FFh -ABANK10=0A00h-0AFFh -ABANK11=0B00h-0BFFh \
  -ABANK12=0C00h-0CFFh -ABANK13=0D00h-0DFFh -ABANK14=0E00h-0EFFh \
  -ABANK15=0F00h-0F37h -ASFR=0F38h-0F5Fh,0F60h-0FFFh \
  -ACONFIG=0300000h-030000Dh -AIDLOC=0200000h-0200007h \
  -AEEDATA=0F00000h-0F003FFh -peeprom_data=EEDATA \
  -preset_vec=00h,intcode=08h,intcodelo,powerup,init -pramtop=01000h \
  -psmallconst=SMALLCONST -pmediumconst=MEDIUMCONST -pconst=CONST \
  -AFARRAM=00h-00h \
  -prdata=COMRAM,nvrram=COMRAM,nvbit=COMRAM,rbss=COMRAM,rbit=COMRAM \
  -pfarbss=FARRAM,fardata=FARRAM,nvFARRAM=FARRAM \
  -pintsave_regs=BIGRAM,bigbss=BIGRAM,bigdata=BIGRAM -pbss=RAM \
  -pidata=CODE,irdata=CODE,ibigdata=CODE,ifardata=CODE -prparam=COMRAM \
  C:\Users\andym\AppData\Local\Temp\seb4.o \
  dist/default/production\PIC18F46K22_LoRa_TEMPHUM_V4.X.production.o 

Object code version is 3.11

Machine type is 18F46K22



                Name                               Link     Load   Length Selector   Space Scale
C:\Users\andym\AppData\Local\Temp\seb4.o
                idloc                            200000   200000        8        0       5
                config                           300000   300000        E        0       4
                init                                 2C       2C        4        4       0
                reset_vec                             0        0        4        0       0
dist/default/production\PIC18F46K22_LoRa_TEMPHUM_V4.X.production.o
                intcode                               8        8       24        4       0
                idloc                            200000   200000        8        0       5
                config                           300000   300000        E        0       4
                temp                                 5E       5E        1        1       1
                mediumconst                        FC44     FC44      3BC     7E22       0
                text63                             2482     2482       8A        4       0
                text62                             222C     222C       D0        4       0
                text61                             2C3A     2C3A       2E        4       0
                text60                              F84      F84      30C        4       0
                text59                             29CE     29CE       46        4       0
                text58                             23C8     23C8       BA        4       0
                text57                             2590     2590       82        4       0
                text56                             275C     275C       66        4       0
                text55                             2D0A     2D0A       26        4       0
                text54                             1EFA     1EFA      140        4       0
                text53                             2138     2138       F4        4       0
                text52                             203A     203A       FE        4       0
                text51                              C58      C58      32C        4       0
                text50                             2B08     2B08       3A        4       0
                text49                             2C92     2C92       2A        4       0
                text48                             1518     1518      26A        4       0
                text47                             2E1C     2E1C       10        4       0
                text46                             250C     250C       84        4       0
                text45                             2686     2686       70        4       0
                text44                              888      888      3D0        4       0
                text43                               30       30      858        4       0
                text42                             1782     1782      238        4       0
                text41                             2932     2932       52        4       0
                text40                             2E3A     2E3A        E        4       0
                text39                             2ACE     2ACE       3A        4       0
                text38                             28DC     28DC       56        4       0
                text37                             2826     2826       5E        4       0
                text36                             2D74     2D74       20        4       0
                text35                             2E90     2E90        8        4       0
                text34                             2E88     2E88        8        4       0
                text33                             2C68     2C68       2A        4       0
                text32                             2D54     2D54       20        4       0
                text31                             2E6C     2E6C        C        4       0
                text30                             2A90     2A90       3E        4       0
                text29                             27C2     27C2       64        4       0
                text28                             2E08     2E08       14        4       0
                text27                             2C0C     2C0C       2E        4       0
                text26                             2CE4     2CE4       26        4       0
                text25                             2B42     2B42       38        4       0
                text24                             2DC8     2DC8       18        4       0
                text23                             2BDE     2BDE       2E        4       0
                text22                             2BAC     2BAC       32        4       0
                text21                             2B7A     2B7A       32        4       0
                text20                             2E60     2E60        C        4       0
                text19                             2884     2884       58        4       0
                text18                             2A52     2A52       3E        4       0
                text17                             2E54     2E54        C        4       0
                text16                             2D30     2D30       24        4       0
                text15                             1290     1290      288        4       0
                text14                             22FC     22FC       CC        4       0
                text13                             2E48     2E48        C        4       0
                text12                             2E80     2E80        8        4       0
                text11                             2E2C     2E2C        E        4       0
                text10                             2DF4     2DF4       14        4       0
                text9                              2DAE     2DAE       1A        4       0
                text8                              2DE0     2DE0       14        4       0
                text7                              1D74     1D74      186        4       0
                text6                              2CBC     2CBC       28        4       0
                text5                              2612     2612       74        4       0
                text4                              26F6     26F6       66        4       0
                text3                              2D94     2D94       1A        4       0
                text2                              2984     2984       4A        4       0
                text1                              1BE4     1BE4      190        4       0
                text0                              19BA     19BA      22A        4       0
                cstackCOMRAM                          1        1       5B        1       1
                cstackBANK0                          AA       AA       25       60       1
                dataBANK0                            CF       CF        8       60       1
                bssBANK0                             60       60       4A       60       1
                bssCOMRAM                            5C       5C        2        1       1
                cinit                              2A14     2A14       3E        4       0
                idataBANK0                         2E78     2E78        8        4       0

TOTAL           Name                               Link     Load   Length     Space
        CLASS   STACK          

        CLASS   CODE           
                intcode                               8        8       24         0
                init                                 2C       2C        4         0
                reset_vec                             0        0        4         0
                text63                             2482     2482       8A         0
                text62                             222C     222C       D0         0
                text61                             2C3A     2C3A       2E         0
                text60                              F84      F84      30C         0
                text59                             29CE     29CE       46         0
                text58                             23C8     23C8       BA         0
                text57                             2590     2590       82         0
                text56                             275C     275C       66         0
                text55                             2D0A     2D0A       26         0
                text54                             1EFA     1EFA      140         0
                text53                             2138     2138       F4         0
                text52                             203A     203A       FE         0
                text51                              C58      C58      32C         0
                text50                             2B08     2B08       3A         0
                text49                             2C92     2C92       2A         0
                text48                             1518     1518      26A         0
                text47                             2E1C     2E1C       10         0
                text46                             250C     250C       84         0
                text45                             2686     2686       70         0
                text44                              888      888      3D0         0
                text43                               30       30      858         0
                text42                             1782     1782      238         0
                text41                             2932     2932       52         0
                text40                             2E3A     2E3A        E         0
                text39                             2ACE     2ACE       3A         0
                text38                             28DC     28DC       56         0
                text37                             2826     2826       5E         0
                text36                             2D74     2D74       20         0
                text35                             2E90     2E90        8         0
                text34                             2E88     2E88        8         0
                text33                             2C68     2C68       2A         0
                text32                             2D54     2D54       20         0
                text31                             2E6C     2E6C        C         0
                text30                             2A90     2A90       3E         0
                text29                             27C2     27C2       64         0
                text28                             2E08     2E08       14         0
                text27                             2C0C     2C0C       2E         0
                text26                             2CE4     2CE4       26         0
                text25                             2B42     2B42       38         0
                text24                             2DC8     2DC8       18         0
                text23                             2BDE     2BDE       2E         0
                text22                             2BAC     2BAC       32         0
                text21                             2B7A     2B7A       32         0
                text20                             2E60     2E60        C         0
                text19                             2884     2884       58         0
                text18                             2A52     2A52       3E         0
                text17                             2E54     2E54        C         0
                text16                             2D30     2D30       24         0
                text15                             1290     1290      288         0
                text14                             22FC     22FC       CC         0
                text13                             2E48     2E48        C         0
                text12                             2E80     2E80        8         0
                text11                             2E2C     2E2C        E         0
                text10                             2DF4     2DF4       14         0
                text9                              2DAE     2DAE       1A         0
                text8                              2DE0     2DE0       14         0
                text7                              1D74     1D74      186         0
                text6                              2CBC     2CBC       28         0
                text5                              2612     2612       74         0
                text4                              26F6     26F6       66         0
                text3                              2D94     2D94       1A         0
                text2                              2984     2984       4A         0
                text1                              1BE4     1BE4      190         0
                text0                              19BA     19BA      22A         0
                cinit                              2A14     2A14       3E         0
                idataBANK0                         2E78     2E78        8         0

        CLASS   CONST          

        CLASS   SMALLCONST     

        CLASS   MEDIUMCONST    
                mediumconst                        FC44     FC44      3BC         0

        CLASS   COMRAM         
                temp                                 5E       5E        1         1
                cstackCOMRAM                          1        1       5B         1
                bssCOMRAM                            5C       5C        2         1

        CLASS   ABS1           

        CLASS   BIGRAM         

        CLASS   RAM            

        CLASS   BANK0          
                cstackBANK0                          AA       AA       25         1
                dataBANK0                            CF       CF        8         1
                bssBANK0                             60       60       4A         1

        CLASS   BANK1          

        CLASS   BANK2          

        CLASS   BANK3          

        CLASS   BANK4          

        CLASS   BANK5          

        CLASS   BANK6          

        CLASS   BANK7          

        CLASS   BANK8          

        CLASS   BANK9          

        CLASS   BANK10         

        CLASS   BANK11         

        CLASS   BANK12         

        CLASS   BANK13         

        CLASS   BANK14         

        CLASS   BANK15         

        CLASS   SFR            

        CLASS   CONFIG         
                config                           300000   300000        E         4

        CLASS   IDLOC          
                idloc                            200000   200000        8         5

        CLASS   EEDATA         

        CLASS   FARRAM         



SEGMENTS        Name                           Load    Length   Top    Selector   Space  Class

                reset_vec                      000000  000004  000004         0       0  CODE    
                cstackCOMRAM                   000001  00005E  00005F         1       1  COMRAM  
                intcode                        000008  002E90  002E98         4       0  CODE    
                bssBANK0                       000060  000077  0000D7        60       1  BANK0   
                mediumconst                    00FC44  0003BC  010000      7E22       0  MEDIUMCO


UNUSED ADDRESS RANGES

        Name                Unused          Largest block    Delta
        BANK0            0000D7-0000FF               29
        BANK1            000100-0001FF              100
        BANK10           000A00-000AFF              100
        BANK11           000B00-000BFF              100
        BANK12           000C00-000CFF              100
        BANK13           000D00-000DFF              100
        BANK14           000E00-000EFF              100
        BANK15           000F00-000F37               38
        BANK2            000200-0002FF              100
        BANK3            000300-0003FF              100
        BANK4            000400-0004FF              100
        BANK5            000500-0005FF              100
        BANK6            000600-0006FF              100
        BANK7            000700-0007FF              100
        BANK8            000800-0008FF              100
        BANK9            000900-0009FF              100
        BIGRAM           00005F-00005F                1
                         0000D7-000F37              E61
        CODE             000004-000007                4
                         002E98-00FC43             CDAC
        COMRAM           00005F-00005F                1
        CONST            000004-000007                4
                         002E98-00FC43             CDAC
        EEDATA           F00000-F003FF              400
        MEDIUMCONST      002E98-00FC43             CDAC
        RAM              0000D7-000F37              100
        SFR              000F38-000FFF               28
        SMALLCONST       002E98-00FC43              100
        STACK            0000D7-000F37              E61

                                  Symbol Table

?_CRC16                            cstackCOMRAM 000002
?_LoRaGetFrequency                 cstackCOMRAM 000029
?_MAX31865readData                 cstackCOMRAM 000058
?___awdiv                          cstackCOMRAM 000008
?___awmod                          cstackCOMRAM 000002
?___fladd                          cstackCOMRAM 000038
?___fldiv                          cstackCOMRAM 000010
?___flmul                          cstackCOMRAM 000010
?___flneg                          cstackCOMRAM 000002
?___flsub                          cstackCOMRAM 000048
?___fltol                          cstackCOMRAM 000029
?___lldiv                          cstackCOMRAM 000002
?___llmod                          cstackCOMRAM 00000F
?___wmul                           cstackCOMRAM 000002
?___xxtofl                         cstackCOMRAM 000002
?__div_to_l_                       cstackCOMRAM 000002
?__tdiv_to_l_                      cstackCOMRAM 000002
?_fround                           cstackCOMRAM 000029
?_printf                           cstackCOMRAM 000050
?_readADS1110                      cstackCOMRAM 000006
?_readBattery                      cstackCOMRAM 000002
?_readRH                           cstackCOMRAM 00000E
?_readTemperature                  cstackCOMRAM 000002
?_readVFan                         cstackCOMRAM 000002
?_readVSupply                      cstackCOMRAM 000002
?_scale                            cstackCOMRAM 000029
CRC16@nData                        cstackCOMRAM 000002
CRC16@nTemp                        cstackCOMRAM 000007
CRC16@wCRCTable                    mediumconst  00FC45
CRC16@wCRCWord                     cstackCOMRAM 000008
CRC16@wLength                      cstackCOMRAM 000003
I2C1_Check_Data_Stuck@i            cstackCOMRAM 000003
I2C1_Initialize@c                  cstackCOMRAM 00000F
I2C1_Read_Byte@a                   cstackCOMRAM 000004
I2C1_Read_Byte@temp                cstackCOMRAM 000005
I2C1_Wait@tries                    cstackCOMRAM 000003
I2C1_Write_Byte_Read_Ack@d         cstackCOMRAM 000004
I2C1_Write_Byte_Read_Ack@tries     cstackCOMRAM 000005
Isr@bValue                         cstackCOMRAM 000001
LoRaGetFrequency@freqMHz           cstackCOMRAM 00003D
LoRaGetFrequency@intermediate      cstackCOMRAM 000039
LoRaGetFrequency@lsb               cstackCOMRAM 000043
LoRaGetFrequency@mid               cstackCOMRAM 000042
LoRaGetFrequency@msb               cstackCOMRAM 000041
LoRaGetIRQFlags@regValue           cstackCOMRAM 000004
LoRaOptimalLoad@syncWord           cstackCOMRAM 000008
LoRaSetFrequency@freqMHz           cstackCOMRAM 000033
LoRaSetFrequency@intermediate      cstackCOMRAM 00003A
LoRaSetFrequency@lsb               cstackCOMRAM 000039
LoRaSetFrequency@mid               cstackCOMRAM 000038
LoRaSetFrequency@msb               cstackCOMRAM 000037
LoRaSleepMode@regValue             cstackCOMRAM 000006
LoRaStandbyMode@regValue           cstackCOMRAM 000006
LoRaStart@freq                     cstackCOMRAM 00003E
LoRaStart@syncWord                 cstackCOMRAM 000042
LoRaTXData@data                    cstackCOMRAM 000059
LoRaTXData@dataLength              cstackCOMRAM 00005A
LoRaTXData@i                       cstackCOMRAM 00005B
LoRaTXMode@regValue                cstackCOMRAM 000058
MAX31865readData@HFTLSB            cstackBANK0  0000C6
MAX31865readData@HFTMSB            cstackBANK0  0000C3
MAX31865readData@LFTLSB            cstackBANK0  0000C7
MAX31865readData@LFTMSB            cstackBANK0  0000C4
MAX31865readData@LSB               cstackBANK0  0000C8
MAX31865readData@MSB               cstackBANK0  0000C5
MAX31865readData@tries             cstackBANK0  0000C9
MAX31865writeByte@data             cstackCOMRAM 000002
MAX31865writeByte@regAddress       cstackCOMRAM 000003
MAX31865writeByte@tries            cstackCOMRAM 000004
MAX31865writeConfigByte@config     cstackCOMRAM 000006
SPI2ReadByte@address               cstackCOMRAM 000002
SPI2ReadByte@dataByte              cstackCOMRAM 000003
SPI2WriteByte@address              cstackCOMRAM 000004
SPI2WriteByte@data                 cstackCOMRAM 000002
USART2_Start@baudrate              cstackCOMRAM 000002
_ACKDT1                            (abs)        007E2D
_ACKEN1                            (abs)        007E2C
_ADCON0bits                        (abs)        000FC2
_ADCON1bits                        (abs)        000FC1
_ADCON2bits                        (abs)        000FC0
_ADRESH                            (abs)        000FC4
_ADRESL                            (abs)        000FC3
_ANSELAbits                        (abs)        000F38
_ANSELBbits                        (abs)        000F39
_ANSELCbits                        (abs)        000F3A
_ANSELDbits                        (abs)        000F3B
_ANSELEbits                        (abs)        000F3C
_BAUDCON2bits                      (abs)        000F70
_CRC16                             text19       002884
_I2C1_Check_Data_Stuck             text39       002ACE
_I2C1_Initialize                   text38       0028DC
_I2C1_Read_Byte                    text26       002CE4
_I2C1_Start                        text35       002E90
_I2C1_Stop                         text34       002E88
_I2C1_Wait                         text36       002D74
_I2C1_Write_Byte_Read_Ack          text33       002C68
_INTCONbits                        (abs)        000FF2
_IOCBbits                          (abs)        000F62
_Isr                               intcode      000008
_LATAbits                          (abs)        000F89
_LATCbits                          (abs)        000F8B
_LATDbits                          (abs)        000F8C
_LATEbits                          (abs)        000F8D
_LoRaClearIRQFlags                 text17       002E54
_LoRaGetFrequency                  text14       0022FC
_LoRaGetIRQFlags                   text13       002E48
_LoRaOptimalLoad                   text7        001D74
_LoRaReset                         text6        002CBC
_LoRaSetFrequency                  text5        002612
_LoRaSleepMode                     text10       002DF4
_LoRaStandbyMode                   text9        002DAE
_LoRaStart                         text4        0026F6
_LoRaTXData                        text2        002984
_LoRaTXMode                        text3        002D94
_MAX31865readData                  text42       001782
_MAX31865writeByte                 text41       002932
_MAX31865writeConfigByte           text40       002E3A
_OSCCON2bits                       (abs)        000FD2
_OSCCONbits                        (abs)        000FD3
_OSCTUNEbits                       (abs)        000F9B
_PIR1bits                          (abs)        000F9E
_PIR3bits                          (abs)        000FA4
_PMD0bits                          (abs)        000F3F
_PMD1bits                          (abs)        000F3E
_PMD2bits                          (abs)        000F3D
_PORTBbits                         (abs)        000F81
_PORTCbits                         (abs)        000F82
_RCEN1                             (abs)        007E2B
_RCSTA2bits                        (abs)        000F71
_SPBRG2                            (abs)        000F75
_SPBRGH2                           (abs)        000F76
_SPI2ReadByte                      text16       002D30
_SPI2WriteByte                     text18       002A52
_SSP1ADD                           (abs)        000FC8
_SSP1BUF                           (abs)        000FC9
_SSP1CON1                          (abs)        000FC6
_SSP1CON2                          (abs)        000FC5
_SSP1CON2bits                      (abs)        000FC5
_SSP1STAT                          (abs)        000FC7
_SSP2BUF                           (abs)        000F6F
_SSP2CON1bits                      (abs)        000F6C
_SSP2IF                            (abs)        007D27
_SSP2STATbits                      (abs)        000F6D
_SSPBUF                            (abs)        000FC9
_TRISAbits                         (abs)        000F92
_TRISBbits                         (abs)        000F93
_TRISCbits                         (abs)        000F94
_TRISDbits                         (abs)        000F95
_TRISEbits                         (abs)        000F96
_TRMT2                             (abs)        007B91
_TXREG2                            (abs)        000F73
_TXSTA2bits                        (abs)        000F72
_USART2_Start                      text37       002826
_VREFCON0bits                      (abs)        000F42
__HRAM                             (abs)        000000
__Habs1                            abs1         000000
__Hbank0                           bank0        000000
__Hbank1                           bank1        000000
__Hbank10                          bank10       000000
__Hbank11                          bank11       000000
__Hbank12                          bank12       000000
__Hbank13                          bank13       000000
__Hbank14                          bank14       000000
__Hbank15                          bank15       000000
__Hbank2                           bank2        000000
__Hbank3                           bank3        000000
__Hbank4                           bank4        000000
__Hbank5                           bank5        000000
__Hbank6                           bank6        000000
__Hbank7                           bank7        000000
__Hbank8                           bank8        000000
__Hbank9                           bank9        000000
__Hbigbss                          bigbss       000000
__Hbigdata                         bigdata      000000
__Hbigram                          bigram       000000
__Hbss                             bss          000000
__HbssBANK0                        bssBANK0     000000
__HbssCOMRAM                       bssCOMRAM    000000
__Hcinit                           cinit        000000
__Hclrtext                         clrtext      000000
__Hcomram                          comram       000000
__Hconfig                          config       30000E
__Hconst                           const        000000
__HcstackBANK0                     cstackBANK0  000000
__HcstackCOMRAM                    cstackCOMRAM 000000
__Hdata                            data         000000
__HdataBANK0                       dataBANK0    000000
__Heeprom_data                     eeprom_data  000000
__Hfarbss                          farbss       000000
__Hfardata                         fardata      000000
__Hibigdata                        ibigdata     000000
__Hidata                           idata        000000
__HidataBANK0                      idataBANK0   000000
__Hidloc                           idloc        200008
__Hifardata                        ifardata     000000
__Hinit                            init         000030
__Hintcode                         intcode      00002C
__Hintcode_body                    intcode_body 000000
__Hintcodelo                       intcodelo    00002C
__Hintentry                        intentry     000000
__Hintret                          intret       000000
__Hintsave_regs                    intsave_regs 000000
__Hirdata                          irdata       000000
__Hmediumconst                     mediumconst  010000
__HnvFARRAM                        nvFARRAM     000000
__Hnvbit                           nvbit        000000
__Hnvrram                          nvrram       000000
__Hparam                           rparam       000000
__Hpowerup                         powerup      00002C
__Hram                             ram          000000
__Hramtop                          ramtop       001000
__Hrbit                            rbit         000000
__Hrbss                            rbss         000000
__Hrdata                           rdata        000000
__Hreset_vec                       reset_vec    000004
__Hrparam                          rparam       000000
__Hsfr                             sfr          000000
__Hsmallconst                      smallconst   000000
__Hspace_0                         (abs)        010000
__Hspace_1                         (abs)        0000D7
__Hspace_2                         (abs)        000000
__Hspace_4                         (abs)        60000E
__Hstack                           stack        000000
__Hstruct                          struct       000000
__Htemp                            temp         00005F
__Htext                            text         000000
__Htext0                           text0        000000
__Htext1                           text1        000000
__Htext10                          text10       000000
__Htext11                          text11       000000
__Htext12                          text12       000000
__Htext13                          text13       000000
__Htext14                          text14       000000
__Htext15                          text15       000000
__Htext16                          text16       000000
__Htext17                          text17       000000
__Htext18                          text18       000000
__Htext19                          text19       000000
__Htext2                           text2        000000
__Htext20                          text20       000000
__Htext21                          text21       000000
__Htext22                          text22       000000
__Htext23                          text23       000000
__Htext24                          text24       000000
__Htext25                          text25       000000
__Htext26                          text26       000000
__Htext27                          text27       000000
__Htext28                          text28       000000
__Htext29                          text29       000000
__Htext3                           text3        000000
__Htext30                          text30       000000
__Htext31                          text31       000000
__Htext32                          text32       000000
__Htext33                          text33       000000
__Htext34                          text34       000000
__Htext35                          text35       000000
__Htext36                          text36       000000
__Htext37                          text37       000000
__Htext38                          text38       000000
__Htext39                          text39       000000
__Htext4                           text4        000000
__Htext40                          text40       000000
__Htext41                          text41       000000
__Htext42                          text42       000000
__Htext43                          text43       000000
__Htext44                          text44       000000
__Htext45                          text45       000000
__Htext46                          text46       000000
__Htext47                          text47       000000
__Htext48                          text48       000000
__Htext49                          text49       000000
__Htext5                           text5        000000
__Htext50                          text50       000000
__Htext51                          text51       000000
__Htext52                          text52       000000
__Htext53                          text53       000000
__Htext54                          text54       000000
__Htext55                          text55       000000
__Htext56                          text56       000000
__Htext57                          text57       000000
__Htext58                          text58       000000
__Htext59                          text59       000000
__Htext6                           text6        000000
__Htext60                          text60       000000
__Htext61                          text61       000000
__Htext62                          text62       000000
__Htext63                          text63       000000
__Htext7                           text7        000000
__Htext8                           text8        000000
__Htext9                           text9        000000
__LRAM                             (abs)        000001
__Labs1                            abs1         000000
__Lbank0                           bank0        000000
__Lbank1                           bank1        000000
__Lbank10                          bank10       000000
__Lbank11                          bank11       000000
__Lbank12                          bank12       000000
__Lbank13                          bank13       000000
__Lbank14                          bank14       000000
__Lbank15                          bank15       000000
__Lbank2                           bank2        000000
__Lbank3                           bank3        000000
__Lbank4                           bank4        000000
__Lbank5                           bank5        000000
__Lbank6                           bank6        000000
__Lbank7                           bank7        000000
__Lbank8                           bank8        000000
__Lbank9                           bank9        000000
__Lbigbss                          bigbss       000000
__Lbigdata                         bigdata      000000
__Lbigram                          bigram       000000
__Lbss                             bss          000000
__LbssBANK0                        bssBANK0     000000
__LbssCOMRAM                       bssCOMRAM    000000
__Lcinit                           cinit        000000
__Lclrtext                         clrtext      000000
__Lcomram                          comram       000000
__Lconfig                          config       000000
__Lconst                           const        000000
__LcstackBANK0                     cstackBANK0  000000
__LcstackCOMRAM                    cstackCOMRAM 000000
__Ldata                            data         000000
__LdataBANK0                       dataBANK0    000000
__Leeprom_data                     eeprom_data  000000
__Lfarbss                          farbss       000000
__Lfardata                         fardata      000000
__Libigdata                        ibigdata     000000
__Lidata                           idata        000000
__LidataBANK0                      idataBANK0   000000
__Lidloc                           idloc        000000
__Lifardata                        ifardata     000000
__Linit                            init         00002C
__Lintcode                         intcode      000008
__Lintcode_body                    intcode_body 000000
__Lintcodelo                       intcodelo    00002C
__Lintentry                        intentry     000000
__Lintret                          intret       000000
__Lintsave_regs                    intsave_regs 000000
__Lirdata                          irdata       000000
__Lmediumconst                     mediumconst  00FC44
__LnvFARRAM                        nvFARRAM     000000
__Lnvbit                           nvbit        000000
__Lnvrram                          nvrram       000000
__Lparam                           rparam       000000
__Lpowerup                         powerup      00002C
__Lram                             ram          000000
__Lramtop                          ramtop       001000
__Lrbit                            rbit         000000
__Lrbss                            rbss         000000
__Lrdata                           rdata        000000
__Lreset_vec                       reset_vec    000000
__Lrparam                          rparam       000000
__Lsfr                             sfr          000000
__Lsmallconst                      smallconst   000000
__Lspace_0                         (abs)        000000
__Lspace_1                         (abs)        000000
__Lspace_2                         (abs)        000000
__Lspace_4                         (abs)        000000
__Lstack                           stack        000000
__Lstruct                          struct       000000
__Ltemp                            temp         00005E
__Ltext                            text         000000
__Ltext0                           text0        000000
__Ltext1                           text1        000000
__Ltext10                          text10       000000
__Ltext11                          text11       000000
__Ltext12                          text12       000000
__Ltext13                          text13       000000
__Ltext14                          text14       000000
__Ltext15                          text15       000000
__Ltext16                          text16       000000
__Ltext17                          text17       000000
__Ltext18                          text18       000000
__Ltext19                          text19       000000
__Ltext2                           text2        000000
__Ltext20                          text20       000000
__Ltext21                          text21       000000
__Ltext22                          text22       000000
__Ltext23                          text23       000000
__Ltext24                          text24       000000
__Ltext25                          text25       000000
__Ltext26                          text26       000000
__Ltext27                          text27       000000
__Ltext28                          text28       000000
__Ltext29                          text29       000000
__Ltext3                           text3        000000
__Ltext30                          text30       000000
__Ltext31                          text31       000000
__Ltext32                          text32       000000
__Ltext33                          text33       000000
__Ltext34                          text34       000000
__Ltext35                          text35       000000
__Ltext36                          text36       000000
__Ltext37                          text37       000000
__Ltext38                          text38       000000
__Ltext39                          text39       000000
__Ltext4                           text4        000000
__Ltext40                          text40       000000
__Ltext41                          text41       000000
__Ltext42                          text42       000000
__Ltext43                          text43       000000
__Ltext44                          text44       000000
__Ltext45                          text45       000000
__Ltext46                          text46       000000
__Ltext47                          text47       000000
__Ltext48                          text48       000000
__Ltext49                          text49       000000
__Ltext5                           text5        000000
__Ltext50                          text50       000000
__Ltext51                          text51       000000
__Ltext52                          text52       000000
__Ltext53                          text53       000000
__Ltext54                          text54       000000
__Ltext55                          text55       000000
__Ltext56                          text56       000000
__Ltext57                          text57       000000
__Ltext58                          text58       000000
__Ltext59                          text59       000000
__Ltext6                           text6        000000
__Ltext60                          text60       000000
__Ltext61                          text61       000000
__Ltext62                          text62       000000
__Ltext63                          text63       000000
__Ltext7                           text7        000000
__Ltext8                           text8        000000
__Ltext9                           text9        000000
__S0                               (abs)        010000
__S1                               (abs)        0000D7
__S2                               (abs)        000000
__S4                               (abs)        000000
__S5                               (abs)        000000
___awdiv                           text46       00250C
___awdiv@counter                   cstackCOMRAM 00000C
___awdiv@dividend                  cstackCOMRAM 000008
___awdiv@divisor                   cstackCOMRAM 00000A
___awdiv@quotient                  cstackCOMRAM 00000E
___awdiv@sign                      cstackCOMRAM 00000D
___awmod                           text45       002686
___awmod@counter                   cstackCOMRAM 000006
___awmod@dividend                  cstackCOMRAM 000002
___awmod@divisor                   cstackCOMRAM 000004
___awmod@sign                      cstackCOMRAM 000007
___fladd                           text60       000F84
___fladd@a                         cstackCOMRAM 00003C
___fladd@aexp                      cstackCOMRAM 000045
___fladd@b                         cstackCOMRAM 000038
___fladd@bexp                      cstackCOMRAM 000046
___fladd@grs                       cstackCOMRAM 000047
___fladd@signs                     cstackCOMRAM 000044
___fldiv                           text15       001290
___fldiv@a                         cstackCOMRAM 000014
___fldiv@aexp                      cstackCOMRAM 000028
___fldiv@b                         cstackCOMRAM 000010
___fldiv@bexp                      cstackCOMRAM 000027
___fldiv@grs                       cstackCOMRAM 000023
___fldiv@new_exp                   cstackCOMRAM 000021
___fldiv@rem                       cstackCOMRAM 00001C
___fldiv@sign                      cstackCOMRAM 000020
___fleq                            text63       002482
___fleq@ff1                        cstackCOMRAM 000002
___fleq@ff2                        cstackCOMRAM 000006
___flge                            text62       00222C
___flge@ff1                        cstackCOMRAM 000002
___flge@ff2                        cstackCOMRAM 000006
___flmul                           text51       000C58
___flmul@a                         cstackCOMRAM 000014
___flmul@aexp                      cstackCOMRAM 00001D
___flmul@b                         cstackCOMRAM 000010
___flmul@bexp                      cstackCOMRAM 000022
___flmul@grs                       cstackCOMRAM 00001E
___flmul@prod                      cstackCOMRAM 000023
___flmul@sign                      cstackCOMRAM 00001C
___flmul@temp                      cstackCOMRAM 000027
___flneg                           text61       002C3A
___flneg@f1                        cstackCOMRAM 000002
___flsub                           text59       0029CE
___flsub@a                         cstackCOMRAM 00004C
___flsub@b                         cstackCOMRAM 000048
___fltol                           text58       0023C8
___fltol@exp1                      cstackCOMRAM 000032
___fltol@f1                        cstackCOMRAM 000029
___fltol@sign1                     cstackCOMRAM 000031
___inthi_sp                        stack        000000
___intlo_sp                        stack        000000
___lbdiv                           text50       002B08
___lbdiv@counter                   cstackCOMRAM 000008
___lbdiv@dividend                  cstackCOMRAM 000007
___lbdiv@divisor                   cstackCOMRAM 000006
___lbdiv@quotient                  cstackCOMRAM 000009
___lbmod                           text49       002C92
___lbmod@counter                   cstackCOMRAM 000004
___lbmod@dividend                  cstackCOMRAM 000003
___lbmod@divisor                   cstackCOMRAM 000002
___lbmod@rem                       cstackCOMRAM 000005
___lldiv                           text57       002590
___lldiv@counter                   cstackCOMRAM 00000E
___lldiv@dividend                  cstackCOMRAM 000002
___lldiv@divisor                   cstackCOMRAM 000006
___lldiv@quotient                  cstackCOMRAM 00000A
___llmod                           text56       00275C
___llmod@counter                   cstackCOMRAM 000017
___llmod@dividend                  cstackCOMRAM 00000F
___llmod@divisor                   cstackCOMRAM 000013
___param_bank                      (abs)        000000
___rparam_used                     (abs)        000001
___sp                              stack        000000
___wmul                            text55       002D0A
___wmul@multiplicand               cstackCOMRAM 000004
___wmul@multiplier                 cstackCOMRAM 000002
___wmul@product                    cstackCOMRAM 000006
___xxtofl                          text54       001EFA
___xxtofl@arg                      cstackCOMRAM 00000C
___xxtofl@exp                      cstackCOMRAM 00000B
___xxtofl@sign                     cstackCOMRAM 00000A
___xxtofl@val                      cstackCOMRAM 000002
__accesstop                        (abs)        000060
__activetblptr                     (abs)        000002
__div_to_l_                        text53       002138
__div_to_l_@cntr                   cstackCOMRAM 00000E
__div_to_l_@exp1                   cstackCOMRAM 00000F
__div_to_l_@f1                     cstackCOMRAM 000002
__div_to_l_@f2                     cstackCOMRAM 000006
__div_to_l_@quot                   cstackCOMRAM 00000A
__end_ofCRC16@wCRCTable            mediumconst  00FE45
__end_of_CRC16                     text19       0028DC
__end_of_I2C1_Check_Data_Stuck     text39       002B08
__end_of_I2C1_Initialize           text38       002932
__end_of_I2C1_Read_Byte            text26       002D0A
__end_of_I2C1_Start                text35       002E98
__end_of_I2C1_Stop                 text34       002E90
__end_of_I2C1_Wait                 text36       002D94
__end_of_I2C1_Write_Byte_Read_Ack  text33       002C92
__end_of_Isr                       intcode      00002C
__end_of_LoRaClearIRQFlags         text17       002E60
__end_of_LoRaGetFrequency          text14       0023C8
__end_of_LoRaGetIRQFlags           text13       002E54
__end_of_LoRaOptimalLoad           text7        001EFA
__end_of_LoRaReset                 text6        002CE4
__end_of_LoRaSetFrequency          text5        002686
__end_of_LoRaSleepMode             text10       002E08
__end_of_LoRaStandbyMode           text9        002DC8
__end_of_LoRaStart                 text4        00275C
__end_of_LoRaTXData                text2        0029CE
__end_of_LoRaTXMode                text3        002DAE
__end_of_MAX31865readData          text42       0019BA
__end_of_MAX31865writeByte         text41       002984
__end_of_MAX31865writeConfigByte   text40       002E48
__end_of_SPI2ReadByte              text16       002D54
__end_of_SPI2WriteByte             text18       002A90
__end_of_USART2_Start              text37       002884
__end_of___awdiv                   text46       002590
__end_of___awmod                   text45       0026F6
__end_of___fladd                   text60       001290
__end_of___fldiv                   text15       001518
__end_of___fleq                    text63       00250C
__end_of___flge                    text62       0022FC
__end_of___flmul                   text51       000F84
__end_of___flneg                   text61       002C68
__end_of___flsub                   text59       002A14
__end_of___fltol                   text58       002482
__end_of___lbdiv                   text50       002B42
__end_of___lbmod                   text49       002CBC
__end_of___lldiv                   text57       002612
__end_of___llmod                   text56       0027C2
__end_of___wmul                    text55       002D30
__end_of___xxtofl                  text54       00203A
__end_of__div_to_l_                text53       00222C
__end_of__initialization           cinit        002A44
__end_of__npowers_                 mediumconst  00FEAD
__end_of__powers_                  mediumconst  00FE79
__end_of__tdiv_to_l_               text52       002138
__end_of_configADS1110             text31       002E78
__end_of_configureIO               text29       002826
__end_of_configureSPI              text28       002E1C
__end_of_dpowers                   mediumconst  00FEF5
__end_of_fround                    text48       001782
__end_of_hexpowers                 mediumconst  00FECD
__end_of_main                      text0        001BE4
__end_of_printf                    text43       000888
__end_of_putch                     text47       002E2C
__end_of_readADS1110               text25       002B7A
__end_of_readBattery               text27       002C3A
__end_of_readOpModeRegister        text12       002E88
__end_of_readRH                    text24       002DE0
__end_of_readTemperature           text23       002C0C
__end_of_readVFan                  text22       002BDE
__end_of_readVSupply               text21       002BAC
__end_of_scale                     text44       000C58
__end_of_setLoRaMode               text8        002DF4
__end_of_setupAtoD                 text30       002ACE
__end_of_setupInterruptPin         text20       002E6C
__end_of_transmitData              text1        001D74
__end_of_writeADS1110              text32       002D74
__end_of_writeOpModeRegister       text11       002E3A
__initialization                   cinit        002A14
__mediumconst                      mediumconst  00FC44
__npowers_                         mediumconst  00FE79
__pbssBANK0                        bssBANK0     000060
__pbssCOMRAM                       bssCOMRAM    00005C
__pcinit                           cinit        002A14
__pcstackBANK0                     cstackBANK0  0000AA
__pcstackCOMRAM                    cstackCOMRAM 000001
__pdataBANK0                       dataBANK0    0000CF
__pidataBANK0                      idataBANK0   002E78
__pintcode                         intcode      000008
__pmediumconst                     mediumconst  00FC44
__powers_                          mediumconst  00FE45
__ptext0                           text0        0019BA
__ptext1                           text1        001BE4
__ptext10                          text10       002DF4
__ptext11                          text11       002E2C
__ptext12                          text12       002E80
__ptext13                          text13       002E48
__ptext14                          text14       0022FC
__ptext15                          text15       001290
__ptext16                          text16       002D30
__ptext17                          text17       002E54
__ptext18                          text18       002A52
__ptext19                          text19       002884
__ptext2                           text2        002984
__ptext20                          text20       002E60
__ptext21                          text21       002B7A
__ptext22                          text22       002BAC
__ptext23                          text23       002BDE
__ptext24                          text24       002DC8
__ptext25                          text25       002B42
__ptext26                          text26       002CE4
__ptext27                          text27       002C0C
__ptext28                          text28       002E08
__ptext29                          text29       0027C2
__ptext3                           text3        002D94
__ptext30                          text30       002A90
__ptext31                          text31       002E6C
__ptext32                          text32       002D54
__ptext33                          text33       002C68
__ptext34                          text34       002E88
__ptext35                          text35       002E90
__ptext36                          text36       002D74
__ptext37                          text37       002826
__ptext38                          text38       0028DC
__ptext39                          text39       002ACE
__ptext4                           text4        0026F6
__ptext40                          text40       002E3A
__ptext41                          text41       002932
__ptext42                          text42       001782
__ptext43                          text43       000030
__ptext44                          text44       000888
__ptext45                          text45       002686
__ptext46                          text46       00250C
__ptext47                          text47       002E1C
__ptext48                          text48       001518
__ptext49                          text49       002C92
__ptext5                           text5        002612
__ptext50                          text50       002B08
__ptext51                          text51       000C58
__ptext52                          text52       00203A
__ptext53                          text53       002138
__ptext54                          text54       001EFA
__ptext55                          text55       002D0A
__ptext56                          text56       00275C
__ptext57                          text57       002590
__ptext58                          text58       0023C8
__ptext59                          text59       0029CE
__ptext6                           text6        002CBC
__ptext60                          text60       000F84
__ptext61                          text61       002C3A
__ptext62                          text62       00222C
__ptext63                          text63       002482
__ptext7                           text7        001D74
__ptext8                           text8        002DE0
__ptext9                           text9        002DAE
__ramtop                           ramtop       001000
__size_of_CRC16                    (abs)        000000
__size_of_I2C1_Check_Data_Stuck    (abs)        000000
__size_of_I2C1_Initialize          (abs)        000000
__size_of_I2C1_Read_Byte           (abs)        000000
__size_of_I2C1_Start               (abs)        000000
__size_of_I2C1_Stop                (abs)        000000
__size_of_I2C1_Wait                (abs)        000000
__size_of_I2C1_Write_Byte_Read_Ack (abs)        000000
__size_of_Isr                      (abs)        000000
__size_of_LoRaClearIRQFlags        (abs)        000000
__size_of_LoRaGetFrequency         (abs)        000000
__size_of_LoRaGetIRQFlags          (abs)        000000
__size_of_LoRaOptimalLoad          (abs)        000000
__size_of_LoRaReset                (abs)        000000
__size_of_LoRaSetFrequency         (abs)        000000
__size_of_LoRaSleepMode            (abs)        000000
__size_of_LoRaStandbyMode          (abs)        000000
__size_of_LoRaStart                (abs)        000000
__size_of_LoRaTXData               (abs)        000000
__size_of_LoRaTXMode               (abs)        000000
__size_of_MAX31865readData         (abs)        000000
__size_of_MAX31865writeByte        (abs)        000000
__size_of_MAX31865writeConfigByte  (abs)        000000
__size_of_SPI2ReadByte             (abs)        000000
__size_of_SPI2WriteByte            (abs)        000000
__size_of_USART2_Start             (abs)        000000
__size_of___awdiv                  (abs)        000000
__size_of___awmod                  (abs)        000000
__size_of___fladd                  (abs)        000000
__size_of___fldiv                  (abs)        000000
__size_of___fleq                   (abs)        000000
__size_of___flge                   (abs)        000000
__size_of___flmul                  (abs)        000000
__size_of___flneg                  (abs)        000000
__size_of___flsub                  (abs)        000000
__size_of___fltol                  (abs)        000000
__size_of___lbdiv                  (abs)        000000
__size_of___lbmod                  (abs)        000000
__size_of___lldiv                  (abs)        000000
__size_of___llmod                  (abs)        000000
__size_of___wmul                   (abs)        000000
__size_of___xxtofl                 (abs)        000000
__size_of__div_to_l_               (abs)        000000
__size_of__tdiv_to_l_              (abs)        000000
__size_of_configADS1110            (abs)        000000
__size_of_configureIO              (abs)        000000
__size_of_configureSPI             (abs)        000000
__size_of_fround                   (abs)        000000
__size_of_main                     (abs)        000000
__size_of_printf                   (abs)        000000
__size_of_putch                    (abs)        000000
__size_of_readADS1110              (abs)        000000
__size_of_readBattery              (abs)        000000
__size_of_readOpModeRegister       (abs)        000000
__size_of_readRH                   (abs)        000000
__size_of_readTemperature          (abs)        000000
__size_of_readVFan                 (abs)        000000
__size_of_readVSupply              (abs)        000000
__size_of_scale                    (abs)        000000
__size_of_setLoRaMode              (abs)        000000
__size_of_setupAtoD                (abs)        000000
__size_of_setupInterruptPin        (abs)        000000
__size_of_transmitData             (abs)        000000
__size_of_writeADS1110             (abs)        000000
__size_of_writeOpModeRegister      (abs)        000000
__smallconst                       smallconst   000000
__tdiv_to_l_                       text52       00203A
__tdiv_to_l_@cntr                  cstackCOMRAM 000011
__tdiv_to_l_@exp1                  cstackCOMRAM 000012
__tdiv_to_l_@f1                    cstackCOMRAM 000002
__tdiv_to_l_@f2                    cstackCOMRAM 000006
__tdiv_to_l_@quot                  cstackCOMRAM 00000D
_address                           dataBANK0    0000CF
_batt                              bssBANK0     000072
_configADS1110                     text31       002E6C
_configureIO                       text29       0027C2
_configureSPI                      text28       002E08
_dpowers                           mediumconst  00FECD
_extTemp                           bssBANK0     00006A
_fanTachoCount                     bssBANK0     000060
_fround                            text48       001518
_fround$3328                       cstackCOMRAM 000033
_fround$3329                       cstackCOMRAM 00002F
_hexpowers                         mediumconst  00FEAD
_i2cFault                          bssBANK0     000074
_main                              text0        0019BA
_messageCount                      bssBANK0     000064
_printf                            text43       000030
_printf$3331                       cstackBANK0  0000AA
_putch                             text47       002E1C
_readADS1110                       text25       002B42
_readBattery                       text27       002C0C
_readOpModeRegister                text12       002E80
_readRH                            text24       002DC8
_readTemperature                   text23       002BDE
_readVFan                          text22       002BAC
_readVSupply                       text21       002B7A
_rh                                bssBANK0     000068
_scale                             text44       000888
_scale$3330                        cstackCOMRAM 00002D
_setLoRaMode                       text8        002DE0
_setupAtoD                         text30       002A90
_setupInterruptPin                 text20       002E60
_temp                              bssBANK0     000070
_tempHighFault                     bssBANK0     000076
_tempLowFault                      bssBANK0     000075
_tempStatus                        bssCOMRAM    00005C
_tempStatusBit                     bssBANK0     000077
_temp_config_byte                  bssCOMRAM    00005D
_transmitData                      text1        001BE4
_txData                            bssBANK0     000078
_vfan                              bssBANK0     00006C
_vsupply                           bssBANK0     00006E
_writeADS1110                      text32       002D54
_writeOpModeRegister               text11       002E2C
btemp                              temp         00005E
end_of_initialization              cinit        002A44
fround@prec                        cstackCOMRAM 000037
int$flags                          temp         00005E
intlevel0                          text         000000
intlevel1                          text         000000
intlevel2                          text         000000
intlevel3                          text         000000
main@i                             cstackBANK0  0000CD
printf@ap                          cstackBANK0  0000AF
printf@c                           cstackBANK0  0000C2
printf@eexp                        cstackBANK0  0000B4
printf@f                           cstackCOMRAM 000050
printf@flag                        cstackBANK0  0000B0
printf@fval                        cstackBANK0  0000BE
printf@idx                         cstackBANK0  0000AE
printf@prec                        cstackBANK0  0000B2
printf@tmpval                      cstackBANK0  0000B6
printf@val                         cstackBANK0  0000BA
putch@data                         cstackCOMRAM 000002
readADS1110@address                cstackCOMRAM 00000B
readADS1110@lsb                    cstackCOMRAM 00000D
readADS1110@msb                    cstackCOMRAM 00000C
readBattery@result                 cstackCOMRAM 000006
readRH@rhTemp                      cstackCOMRAM 000010
readTemperature@result             cstackCOMRAM 000006
readVFan@result                    cstackCOMRAM 000006
readVSupply@result                 cstackCOMRAM 000006
scale@scl                          cstackCOMRAM 000031
setLoRaMode@regValue               cstackCOMRAM 000006
stackhi                            (abs)        000F37
stacklo                            (abs)        0000D7
start                              init         00002C
start_initialization               cinit        002A14
transmitData@calcCRC               cstackBANK0  0000C5
transmitData@flags                 cstackBANK0  0000C4
transmitData@i                     cstackBANK0  0000C9
transmitData@i_1025                cstackBANK0  0000C7
transmitData@j                     cstackBANK0  0000C8
ttemp5                             temp         00005F
ttemp6                             temp         000062
ttemp7                             temp         000066
writeADS1110@address               cstackCOMRAM 000007
writeADS1110@config                cstackCOMRAM 000006
writeOpModeRegister@regValue       cstackCOMRAM 000005
wtemp8                             temp         00005F


FUNCTION INFORMATION:

 *************** function _main *****************
 Defined at:
		line 90 in file "main.c"
 Parameters:    Size  Location     Type
		None
 Auto vars:     Size  Location     Type
  i               2   35[BANK0 ] unsigned int 
 Return value:  Size  Location     Type
                  1    wreg      void 
 Registers used:
		wreg, fsr1l, fsr1h, fsr2l, fsr2h, status,2, status,0, tblptrl, tblptrh, tblptru, prodl, prodh, cstack
 Tracked objects:
		On entry : 
		On exit  : 
		Unchanged: 
 Data sizes:     COMRAM   BANK0   BANK1   BANK2   BANK3   BANK4   BANK5   BANK6   BANK7   BANK8   BANK9  BANK10  BANK11  BANK12  BANK13  BANK14  BANK15
      Params:         0       0       0       0       0       0       0       0       0       0       0       0       0       0       0       0       0
      Locals:         0       2       0       0       0       0       0       0       0       0       0       0       0       0       0       0       0
      Temps:          0       2       0       0       0       0       0       0       0       0       0       0       0       0       0       0       0
      Totals:         0       4       0       0       0       0       0       0       0       0       0       0       0       0       0       0       0
Total ram usage:        4 bytes
 Hardware stack levels required when called:    7
 This function calls:
		_MAX31865readData
		_MAX31865writeConfigByte
		_configureIO
		_configureSPI
		_printf
		_readBattery
		_readRH
		_readTemperature
		_readVFan
		_readVSupply
		_setupInterruptPin
		_transmitData
 This function is called by:
		Startup code after reset
 This function uses a non-reentrant model


 *************** function _transmitData *****************
 Defined at:
		line 153 in file "main.c"
 Parameters:    Size  Location     Type
		None
 Auto vars:     Size  Location     Type
  flags           1   26[BANK0 ] unsigned char 
  i               1   29[BANK0 ] unsigned char 
  i               1   31[BANK0 ] unsigned char 
  calcCRC         2   27[BANK0 ] unsigned short 
  j               1   30[BANK0 ] unsigned char 
 Return value:  Size  Location     Type
                  1    wreg      void 
 Registers used:
		wreg, fsr1l, fsr1h, fsr2l, fsr2h, status,2, status,0, tblptrl, tblptrh, tblptru, prodl, prodh, cstack
 Tracked objects:
		On entry : 
		On exit  : 
		Unchanged: 
 Data sizes:     COMRAM   BANK0   BANK1   BANK2   BANK3   BANK4   BANK5   BANK6   BANK7   BANK8   BANK9  BANK10  BANK11  BANK12  BANK13  BANK14  BANK15
      Params:         0       0       0       0       0       0       0       0       0       0       0       0       0       0       0       0       0
      Locals:         0       6       0       0       0       0       0       0       0       0       0       0       0       0       0       0       0
      Temps:          0       1       0       0       0       0       0       0       0       0       0       0       0       0       0       0       0
      Totals:         0       7       0       0       0       0       0       0       0       0       0       0       0       0       0       0       0
Total ram usage:        7 bytes
 Hardware stack levels used:    1
 Hardware stack levels required when called:    6
 This function calls:
		_CRC16
		_LoRaClearIRQFlags
		_LoRaGetFrequency
		_LoRaGetIRQFlags
		_LoRaSleepMode
		_LoRaStart
		_LoRaTXData
		_printf
 This function is called by:
		_main
 This function uses a non-reentrant model


 *************** function _LoRaTXData *****************
 Defined at:
		line 141 in file "LoRa.c"
 Parameters:    Size  Location     Type
  data            1   88[COMRAM] PTR unsigned char 
		 -> txData(50), 
  dataLength      1   89[COMRAM] unsigned char 
 Auto vars:     Size  Location     Type
  i               1   90[COMRAM] unsigned char 
 Return value:  Size  Location     Type
                  1    wreg      void 
 Registers used:
		wreg, fsr2l, fsr2h, status,2, status,0, tblptrl, tblptrh, tblptru, prodl, prodh, cstack
 Tracked objects:
		On entry : 
		On exit  : 
		Unchanged: 
 Data sizes:     COMRAM   BANK0   BANK1   BANK2   BANK3   BANK4   BANK5   BANK6   BANK7   BANK8   BANK9  BANK10  BANK11  BANK12  BANK13  BANK14  BANK15
      Params:         2       0       0       0       0       0       0       0       0       0       0       0       0       0       0       0       0
      Locals:         1       0       0       0       0       0       0       0       0       0       0       0       0       0       0       0       0
      Temps:          0       0       0       0       0       0       0       0       0       0       0       0       0       0       0       0       0
      Totals:         3       0       0       0       0       0       0       0       0       0       0       0       0       0       0       0       0
Total ram usage:        3 bytes
 Hardware stack levels used:    1
 Hardware stack levels required when called:    5
 This function calls:
		_LoRaStandbyMode
		_LoRaTXMode
		_SPI2WriteByte
		_printf
 This function is called by:
		_transmitData
 This function uses a non-reentrant model


 *************** function _LoRaTXMode *****************
 Defined at:
		line 194 in file "LoRa.c"
 Parameters:    Size  Location     Type
		None
 Auto vars:     Size  Location     Type
  regValue        1   87[COMRAM] unsigned char 
 Return value:  Size  Location     Type
                  1    wreg      void 
 Registers used:
		wreg, fsr2l, fsr2h, status,2, status,0, tblptrl, tblptrh, tblptru, prodl, prodh, cstack
 Tracked objects:
		On entry : 
		On exit  : 
		Unchanged: 
 Data sizes:     COMRAM   BANK0   BANK1   BANK2   BANK3   BANK4   BANK5   BANK6   BANK7   BANK8   BANK9  BANK10  BANK11  BANK12  BANK13  BANK14  BANK15
      Params:         0       0       0       0       0       0       0       0       0       0       0       0       0       0       0       0       0
      Locals:         1       0       0       0       0       0       0       0       0       0       0       0       0       0       0       0       0
      Temps:          0       0       0       0       0       0       0       0       0       0       0       0       0       0       0       0       0
      Totals:         1       0       0       0       0       0       0       0       0       0       0       0       0       0       0       0       0
Total ram usage:        1 bytes
 Hardware stack levels used:    1
 Hardware stack levels required when called:    4
 This function calls:
		_printf
		_readOpModeRegister
		_writeOpModeRegister
 This function is called by:
		_LoRaTXData
 This function uses a non-reentrant model


 *************** function _LoRaStart *****************
 Defined at:
		line 12 in file "LoRa.c"
 Parameters:    Size  Location     Type
  freq            4   61[COMRAM] float 
  syncWord        1   65[COMRAM] unsigned char 
 Auto vars:     Size  Location     Type
		None
 Return value:  Size  Location     Type
                  1    wreg      void 
 Registers used:
		wreg, status,2, status,0, prodl, prodh, cstack
 Tracked objects:
		On entry : 
		On exit  : 
		Unchanged: 
 Data sizes:     COMRAM   BANK0   BANK1   BANK2   BANK3   BANK4   BANK5   BANK6   BANK7   BANK8   BANK9  BANK10  BANK11  BANK12  BANK13  BANK14  BANK15
      Params:         5       0       0       0       0       0       0       0       0       0       0       0       0       0       0       0       0
      Locals:         0       0       0       0       0       0       0       0       0       0       0       0       0       0       0       0       0
      Temps:          1       0       0       0       0       0       0       0       0       0       0       0       0       0       0       0       0
      Totals:         6       0       0       0       0       0       0       0       0       0       0       0       0       0       0       0       0
Total ram usage:        6 bytes
 Hardware stack levels used:    1
 Hardware stack levels required when called:    5
 This function calls:
		_LoRaOptimalLoad
		_LoRaReset
		_LoRaSetFrequency
		_setLoRaMode
 This function is called by:
		_transmitData
 This function uses a non-reentrant model


 *************** function _LoRaSetFrequency *****************
 Defined at:
		line 218 in file "LoRa.c"
 Parameters:    Size  Location     Type
  freqMHz         4   50[COMRAM] float 
 Auto vars:     Size  Location     Type
  intermediate    4   57[COMRAM] unsigned long 
  lsb             1   56[COMRAM] unsigned char 
  mid             1   55[COMRAM] unsigned char 
  msb             1   54[COMRAM] unsigned char 
 Return value:  Size  Location     Type
                  1    wreg      void 
 Registers used:
		wreg, status,2, status,0, prodl, prodh, cstack
 Tracked objects:
		On entry : 
		On exit  : 
		Unchanged: 
 Data sizes:     COMRAM   BANK0   BANK1   BANK2   BANK3   BANK4   BANK5   BANK6   BANK7   BANK8   BANK9  BANK10  BANK11  BANK12  BANK13  BANK14  BANK15
      Params:         4       0       0       0       0       0       0       0       0       0       0       0       0       0       0       0       0
      Locals:         7       0       0       0       0       0       0       0       0       0       0       0       0       0       0       0       0
      Temps:          0       0       0       0       0       0       0       0       0       0       0       0       0       0       0       0       0
      Totals:        11       0       0       0       0       0       0       0       0       0       0       0       0       0       0       0       0
Total ram usage:       11 bytes
 Hardware stack levels used:    1
 Hardware stack levels required when called:    2
 This function calls:
		_SPI2WriteByte
		___flmul
		___fltol
 This function is called by:
		_LoRaStart
 This function uses a non-reentrant model


 *************** function _LoRaReset *****************
 Defined at:
		line 55 in file "LoRa.c"
 Parameters:    Size  Location     Type
		None
 Auto vars:     Size  Location     Type
		None
 Return value:  Size  Location     Type
                  1    wreg      void 
 Registers used:
		wreg
 Tracked objects:
		On entry : 
		On exit  : 
		Unchanged: 
 Data sizes:     COMRAM   BANK0   BANK1   BANK2   BANK3   BANK4   BANK5   BANK6   BANK7   BANK8   BANK9  BANK10  BANK11  BANK12  BANK13  BANK14  BANK15
      Params:         0       0       0       0       0       0       0       0       0       0       0       0       0       0       0       0       0
      Locals:         0       0       0       0       0       0       0       0       0       0       0       0       0       0       0       0       0
      Temps:          1       0       0       0       0       0       0       0       0       0       0       0       0       0       0       0       0
      Totals:         1       0       0       0       0       0       0       0       0       0       0       0       0       0       0       0       0
Total ram usage:        1 bytes
 Hardware stack levels used:    1
 Hardware stack levels required when called:    1
 This function calls:
		Nothing
 This function is called by:
		_LoRaStart
 This function uses a non-reentrant model


 *************** function _LoRaOptimalLoad *****************
 Defined at:
		line 266 in file "LoRa.c"
 Parameters:    Size  Location     Type
  syncWord        1    wreg     unsigned char 
 Auto vars:     Size  Location     Type
  syncWord        1    7[COMRAM] unsigned char 
 Return value:  Size  Location     Type
                  1    wreg      void 
 Registers used:
		wreg, status,2, status,0, cstack
 Tracked objects:
		On entry : 
		On exit  : 
		Unchanged: 
 Data sizes:     COMRAM   BANK0   BANK1   BANK2   BANK3   BANK4   BANK5   BANK6   BANK7   BANK8   BANK9  BANK10  BANK11  BANK12  BANK13  BANK14  BANK15
      Params:         0       0       0       0       0       0       0       0       0       0       0       0       0       0       0       0       0
      Locals:         1       0       0       0       0       0       0       0       0       0       0       0       0       0       0       0       0
      Temps:          1       0       0       0       0       0       0       0       0       0       0       0       0       0       0       0       0
      Totals:         2       0       0       0       0       0       0       0       0       0       0       0       0       0       0       0       0
Total ram usage:        2 bytes
 Hardware stack levels used:    1
 Hardware stack levels required when called:    4
 This function calls:
		_LoRaSleepMode
		_LoRaStandbyMode
		_SPI2WriteByte
		_setLoRaMode
 This function is called by:
		_LoRaStart
 This function uses a non-reentrant model


 *************** function _setLoRaMode *****************
 Defined at:
		line 64 in file "LoRa.c"
 Parameters:    Size  Location     Type
		None
 Auto vars:     Size  Location     Type
  regValue        1    5[COMRAM] unsigned char 
 Return value:  Size  Location     Type
                  1    wreg      void 
 Registers used:
		wreg, status,2, status,0, cstack
 Tracked objects:
		On entry : 
		On exit  : 
		Unchanged: 
 Data sizes:     COMRAM   BANK0   BANK1   BANK2   BANK3   BANK4   BANK5   BANK6   BANK7   BANK8   BANK9  BANK10  BANK11  BANK12  BANK13  BANK14  BANK15
      Params:         0       0       0       0       0       0       0       0       0       0       0       0       0       0       0       0       0
[...]
      Temps:          0       0       0       0       0       0       0       0       0       0       0       0       0       0       0       0       0
      Totals:         9       0       0       0       0       0       0       0       0       0       0       0       0       0       0       0       0
Total ram usage:        9 bytes
 Hardware stack levels used:    1
 Hardware stack levels required when called:    1
 This function calls:
		Nothing
 This function is called by:
		_printf
 This function uses a non-reentrant model


 *************** function ___lldiv *****************
 Defined at:
		line 7 in file "C:\Program Files\Microchip\xc8\v2.31\pic\sources\c90\common\__lldiv.c"
 Parameters:    Size  Location     Type
  dividend        4    1[COMRAM] unsigned long 
  divisor         4    5[COMRAM] unsigned long 
 Auto vars:     Size  Location     Type
  quotient        4    9[COMRAM] unsigned long 
  counter         1   13[COMRAM] unsigned char 
 Return value:  Size  Location     Type
                  4    1[COMRAM] unsigned long 
 Registers used:
		wreg, status,2, status,0
 Tracked objects:
		On entry : 
		On exit  : 
		Unchanged: 
 Data sizes:     COMRAM   BANK0   BANK1   BANK2   BANK3   BANK4   BANK5   BANK6   BANK7   BANK8   BANK9  BANK10  BANK11  BANK12  BANK13  BANK14  BANK15
      Params:         8       0       0       0       0       0       0       0       0       0       0       0       0       0       0       0       0
      Locals:         5       0       0       0       0       0       0       0       0       0       0       0       0       0       0       0       0
      Temps:          0       0       0       0       0       0       0       0       0       0       0       0       0       0       0       0       0
      Totals:        13       0       0       0       0       0       0       0       0       0       0       0       0       0       0       0       0
Total ram usage:       13 bytes
 Hardware stack levels used:    1
 Hardware stack levels required when called:    1
 This function calls:
		Nothing
 This function is called by:
		_I2C1_Initialize
		_printf
 This function uses a non-reentrant model


 *************** function ___fltol *****************
 Defined at:
		line 43 in file "C:\Program Files\Microchip\xc8\v2.31\pic\sources\c90\common\fltol.c"
 Parameters:    Size  Location     Type
  f1              4   40[COMRAM] unsigned long 
 Auto vars:     Size  Location     Type
  exp1            1   49[COMRAM] unsigned char 
  sign1           1   48[COMRAM] unsigned char 
 Return value:  Size  Location     Type
                  4   40[COMRAM] long 
 Registers used:
		wreg, status,2, status,0
 Tracked objects:
		On entry : 
		On exit  : 
		Unchanged: 
 Data sizes:     COMRAM   BANK0   BANK1   BANK2   BANK3   BANK4   BANK5   BANK6   BANK7   BANK8   BANK9  BANK10  BANK11  BANK12  BANK13  BANK14  BANK15
      Params:         4       0       0       0       0       0       0       0       0       0       0       0       0       0       0       0       0
      Locals:         2       0       0       0       0       0       0       0       0       0       0       0       0       0       0       0       0
      Temps:          4       0       0       0       0       0       0       0       0       0       0       0       0       0       0       0       0
      Totals:        10       0       0       0       0       0       0       0       0       0       0       0       0       0       0       0       0
Total ram usage:       10 bytes
 Hardware stack levels used:    1
 Hardware stack levels required when called:    1
 This function calls:
		Nothing
 This function is called by:
		_LoRaSetFrequency
		_printf
 This function uses a non-reentrant model


 *************** function ___flsub *****************
 Defined at:
		line 245 in file "C:\Program Files\Microchip\xc8\v2.31\pic\sources\c90\common\sprcadd.c"
 Parameters:    Size  Location     Type
  b               4   71[COMRAM] long 
  a               4   75[COMRAM] long 
 Auto vars:     Size  Location     Type
		None
 Return value:  Size  Location     Type
                  4   71[COMRAM] long 
 Registers used:
		wreg, status,2, status,0, cstack
 Tracked objects:
		On entry : 
		On exit  : 
		Unchanged: 
 Data sizes:     COMRAM   BANK0   BANK1   BANK2   BANK3   BANK4   BANK5   BANK6   BANK7   BANK8   BANK9  BANK10  BANK11  BANK12  BANK13  BANK14  BANK15
      Params:         8       0       0       0       0       0       0       0       0       0       0       0       0       0       0       0       0
      Locals:         0       0       0       0       0       0       0       0       0       0       0       0       0       0       0       0       0
      Temps:          0       0       0       0       0       0       0       0       0       0       0       0       0       0       0       0       0
      Totals:         8       0       0       0       0       0       0       0       0       0       0       0       0       0       0       0       0
Total ram usage:        8 bytes
 Hardware stack levels used:    1
 Hardware stack levels required when called:    2
 This function calls:
		___fladd
 This function is called by:
		_printf
 This function uses a non-reentrant model


 *************** function ___fladd *****************
 Defined at:
		line 10 in file "C:\Program Files\Microchip\xc8\v2.31\pic\sources\c90\common\sprcadd.c"
 Parameters:    Size  Location     Type
  b               4   55[COMRAM] long 
  a               4   59[COMRAM] long 
 Auto vars:     Size  Location     Type
  grs             1   70[COMRAM] unsigned char 
  bexp            1   69[COMRAM] unsigned char 
  aexp            1   68[COMRAM] unsigned char 
  signs           1   67[COMRAM] unsigned char 
 Return value:  Size  Location     Type
                  4   55[COMRAM] unsigned char 
 Registers used:
		wreg, status,2, status,0
 Tracked objects:
		On entry : 
		On exit  : 
		Unchanged: 
 Data sizes:     COMRAM   BANK0   BANK1   BANK2   BANK3   BANK4   BANK5   BANK6   BANK7   BANK8   BANK9  BANK10  BANK11  BANK12  BANK13  BANK14  BANK15
      Params:         8       0       0       0       0       0       0       0       0       0       0       0       0       0       0       0       0
      Locals:         4       0       0       0       0       0       0       0       0       0       0       0       0       0       0       0       0
      Temps:          4       0       0       0       0       0       0       0       0       0       0       0       0       0       0       0       0
      Totals:        16       0       0       0       0       0       0       0       0       0       0       0       0       0       0       0       0
Total ram usage:       16 bytes
 Hardware stack levels used:    1
 Hardware stack levels required when called:    1
 This function calls:
		Nothing
 This function is called by:
		_printf
		___flsub
 This function uses a non-reentrant model


 *************** function ___flneg *****************
 Defined at:
		line 15 in file "C:\Program Files\Microchip\xc8\v2.31\pic\sources\c90\common\flneg.c"
 Parameters:    Size  Location     Type
  f1              4    1[COMRAM] unsigned char 
 Auto vars:     Size  Location     Type
		None
 Return value:  Size  Location     Type
                  4    1[COMRAM] unsigned char 
 Registers used:
		wreg, status,2, status,0
 Tracked objects:
		On entry : 
		On exit  : 
		Unchanged: 
 Data sizes:     COMRAM   BANK0   BANK1   BANK2   BANK3   BANK4   BANK5   BANK6   BANK7   BANK8   BANK9  BANK10  BANK11  BANK12  BANK13  BANK14  BANK15
      Params:         4       0       0       0       0       0       0       0       0       0       0       0       0       0       0       0       0
      Locals:         0       0       0       0       0       0       0       0       0       0       0       0       0       0       0       0       0
      Temps:          0       0       0       0       0       0       0       0       0       0       0       0       0       0       0       0       0
      Totals:         4       0       0       0       0       0       0       0       0       0       0       0       0       0       0       0       0
Total ram usage:        4 bytes
 Hardware stack levels used:    1
 Hardware stack levels required when called:    1
 This function calls:
		Nothing
 This function is called by:
		_printf
 This function uses a non-reentrant model


 *************** function ___flge *****************
 Defined at:
		line 4 in file "C:\Program Files\Microchip\xc8\v2.31\pic\sources\c90\common\flge.c"
 Parameters:    Size  Location     Type
  ff1             4    1[COMRAM] unsigned char 
  ff2             4    5[COMRAM] unsigned char 
 Auto vars:     Size  Location     Type
		None
 Return value:  Size  Location     Type
		None               void
 Registers used:
		wreg, status,2, status,0
 Tracked objects:
		On entry : 
		On exit  : 
		Unchanged: 
 Data sizes:     COMRAM   BANK0   BANK1   BANK2   BANK3   BANK4   BANK5   BANK6   BANK7   BANK8   BANK9  BANK10  BANK11  BANK12  BANK13  BANK14  BANK15
      Params:         8       0       0       0       0       0       0       0       0       0       0       0       0       0       0       0       0
      Locals:         0       0       0       0       0       0       0       0       0       0       0       0       0       0       0       0       0
      Temps:          4       0       0       0       0       0       0       0       0       0       0       0       0       0       0       0       0
      Totals:        12       0       0       0       0       0       0       0       0       0       0       0       0       0       0       0       0
Total ram usage:       12 bytes
 Hardware stack levels used:    1
 Hardware stack levels required when called:    1
 This function calls:
		Nothing
 This function is called by:
		_printf
 This function uses a non-reentrant model


 *************** function ___fleq *****************
 Defined at:
		line 4 in file "C:\Program Files\Microchip\xc8\v2.31\pic\sources\c90\common\fleq.c"
 Parameters:    Size  Location     Type
  ff1             4    1[COMRAM] unsigned char 
  ff2             4    5[COMRAM] unsigned char 
 Auto vars:     Size  Location     Type
		None
 Return value:  Size  Location     Type
		None               void
 Registers used:
		wreg, status,2, status,0
 Tracked objects:
		On entry : 
		On exit  : 
		Unchanged: 
 Data sizes:     COMRAM   BANK0   BANK1   BANK2   BANK3   BANK4   BANK5   BANK6   BANK7   BANK8   BANK9  BANK10  BANK11  BANK12  BANK13  BANK14  BANK15
      Params:         8       0       0       0       0       0       0       0       0       0       0       0       0       0       0       0       0
      Locals:         0       0       0       0       0       0       0       0       0       0       0       0       0       0       0       0       0
      Temps:          4       0       0       0       0       0       0       0       0       0       0       0       0       0       0       0       0
      Totals:        12       0       0       0       0       0       0       0       0       0       0       0       0       0       0       0       0
Total ram usage:       12 bytes
 Hardware stack levels used:    1
 Hardware stack levels required when called:    1
 This function calls:
		Nothing
 This function is called by:
		_printf
 This function uses a non-reentrant model


 *************** function _Isr *****************
 Defined at:
		line 430 in file "main.c"
 Parameters:    Size  Location     Type
		None
 Auto vars:     Size  Location     Type
  bValue          1    0[COMRAM] unsigned char 
 Return value:  Size  Location     Type
                  1    wreg      void 
 Registers used:
		wreg, status,2, status,0
 Tracked objects:
		On entry : 
		On exit  : 
		Unchanged: 
 Data sizes:     COMRAM   BANK0   BANK1   BANK2   BANK3   BANK4   BANK5   BANK6   BANK7   BANK8   BANK9  BANK10  BANK11  BANK12  BANK13  BANK14  BANK15
      Params:         0       0       0       0       0       0       0       0       0       0       0       0       0       0       0       0       0
      Locals:         1       0       0       0       0       0       0       0       0       0       0       0       0       0       0       0       0
      Temps:          0       0       0       0       0       0       0       0       0       0       0       0       0       0       0       0       0
      Totals:         1       0       0       0       0       0       0       0       0       0       0       0       0       0       0       0       0
Total ram usage:        1 bytes
 Hardware stack levels used:    1
 This function calls:
		Nothing
 This function is called by:
		Interrupt level 2
 This function uses a non-reentrant model



MODULE INFORMATION

Module		Function		Class		Link	Load	Size
C:\Program Files\Microchip\xc8\v2.31\pic\sources\c90\common\flneg.c
		___flneg       		CODE           	2C3A	0000	46

C:\Program Files\Microchip\xc8\v2.31\pic\sources\c90\common\flneg.c estimated size: 46

C:\Program Files\Microchip\xc8\v2.31\pic\sources\c90\common\flge.c
		___flge        		CODE           	222C	0000	208

C:\Program Files\Microchip\xc8\v2.31\pic\sources\c90\common\flge.c estimated size: 208

C:\Program Files\Microchip\xc8\v2.31\pic\sources\c90\common\lbdiv.c
		___lbdiv       		CODE           	2B08	0000	58

C:\Program Files\Microchip\xc8\v2.31\pic\sources\c90\common\lbdiv.c estimated size: 58

C:\Program Files\Microchip\xc8\v2.31\pic\sources\c90\common\sprcmul.c
		___flmul       		CODE           	0C58	0000	812

C:\Program Files\Microchip\xc8\v2.31\pic\sources\c90\common\sprcmul.c estimated size: 812

C:\Program Files\Microchip\xc8\v2.31\pic\sources\c90\common\__lldiv.c
		___lldiv       		CODE           	2590	0000	130

C:\Program Files\Microchip\xc8\v2.31\pic\sources\c90\common\__lldiv.c estimated size: 130

C:\Program Files\Microchip\xc8\v2.31\pic\sources\c90\common\sprcdiv.c
		___fldiv       		CODE           	1290	0000	648

C:\Program Files\Microchip\xc8\v2.31\pic\sources\c90\common\sprcdiv.c estimated size: 648

CRC16.c
		_CRC16         		CODE           	2884	0000	88

CRC16.c estimated size: 88

C:\Program Files\Microchip\xc8\v2.31\pic\sources\c90\common\doprnt.c
		_scale         		CODE           	0888	0000	976
		_printf        		CODE           	0030	0000	2136
		_fround        		CODE           	1518	0000	618

C:\Program Files\Microchip\xc8\v2.31\pic\sources\c90\common\doprnt.c estimated size: 3730

C:\Program Files\Microchip\xc8\v2.31\pic\sources\c90\common\ftdivl.c
		__tdiv_to_l_   		CODE           	203A	0000	254

C:\Program Files\Microchip\xc8\v2.31\pic\sources\c90\common\ftdivl.c estimated size: 254

C:\Program Files\Microchip\xc8\v2.31\pic\sources\c90\common\awmod.c
		___awmod       		CODE           	2686	0000	112

C:\Program Files\Microchip\xc8\v2.31\pic\sources\c90\common\awmod.c estimated size: 112

C:\Program Files\Microchip\xc8\v2.31\pic\sources\c90\common\Umul16.c
		___wmul        		CODE           	2D0A	0000	38

C:\Program Files\Microchip\xc8\v2.31\pic\sources\c90\common\Umul16.c estimated size: 38

LoRa.c
		_LoRaStart     		CODE           	26F6	0000	102
		_setLoRaMode   		CODE           	2DE0	0000	20
		_readOpModeRegister		CODE           	2E80	0000	8
		_LoRaGetFrequency		CODE           	22FC	0000	204
		_LoRaReset     		CODE           	2CBC	0000	40
		_LoRaSetFrequency		CODE           	2612	0000	116
		_LoRaSleepMode 		CODE           	2DF4	0000	20
		_writeOpModeRegister		CODE           	2E2C	0000	14
		_LoRaGetIRQFlags		CODE           	2E48	0000	12
		_LoRaOptimalLoad		CODE           	1D74	0000	390
		_LoRaStandbyMode		CODE           	2DAE	0000	26
		_LoRaClearIRQFlags		CODE           	2E54	0000	12
		_LoRaTXData    		CODE           	2984	0000	74
		_SPI2WriteByte 		CODE           	2A52	0000	62
		_SPI2ReadByte  		CODE           	2D30	0000	36
		_LoRaTXMode    		CODE           	2D94	0000	26

LoRa.c estimated size: 1162

C:\Program Files\Microchip\xc8\v2.31\pic\sources\c90\common\llmod.c
		___llmod       		CODE           	275C	0000	102

C:\Program Files\Microchip\xc8\v2.31\pic\sources\c90\common\llmod.c estimated size: 102

C:\Program Files\Microchip\xc8\v2.31\pic\sources\c90\common\sprcadd.c
		___flsub       		CODE           	29CE	0000	70
		___fladd       		CODE           	0F84	0000	780

C:\Program Files\Microchip\xc8\v2.31\pic\sources\c90\common\sprcadd.c estimated size: 850

C:\Program Files\Microchip\xc8\v2.31\pic\sources\c90\common\fleq.c
		___fleq        		CODE           	2482	0000	138

C:\Program Files\Microchip\xc8\v2.31\pic\sources\c90\common\fleq.c estimated size: 138

MAX31865.c
		_configureSPI  		CODE           	2E08	0000	20
		_MAX31865writeConfigByte		CODE           	2E3A	0000	14
		_MAX31865readData		CODE           	1782	0000	568
		_MAX31865writeByte		CODE           	2932	0000	82

MAX31865.c estimated size: 684

C:\Program Files\Microchip\xc8\v2.31\pic\sources\c90\common\fldivl.c
		__div_to_l_    		CODE           	2138	0000	244

C:\Program Files\Microchip\xc8\v2.31\pic\sources\c90\common\fldivl.c estimated size: 244

i2c1.c
		_I2C1_Wait     		CODE           	2D74	0000	32
		_I2C1_Read_Byte		CODE           	2CE4	0000	38
		_I2C1_Check_Data_Stuck		CODE           	2ACE	0000	58
		_I2C1_Write_Byte_Read_Ack		CODE           	2C68	0000	42
		_I2C1_Initialize		CODE           	28DC	0000	86
		_I2C1_Stop     		CODE           	2E88	0000	8
		_I2C1_Start    		CODE           	2E90	0000	8

i2c1.c estimated size: 272

C:\Program Files\Microchip\xc8\v2.31\pic\sources\c90\common\awdiv.c
		___awdiv       		CODE           	250C	0000	132

C:\Program Files\Microchip\xc8\v2.31\pic\sources\c90\common\awdiv.c estimated size: 132

shared
		__powers_      		MEDIUMCONST    	FE45	0000	52
		_dpowers       		MEDIUMCONST    	FECD	0000	40
		CRC16@wCRCTable		MEDIUMCONST    	FC45	0000	512
		__npowers_     		MEDIUMCONST    	FE79	0000	52
		__initialization		CODE           	2A14	0000	48
		_hexpowers     		MEDIUMCONST    	FEAD	0000	32

shared estimated size: 736

C:\Program Files\Microchip\xc8\v2.31\pic\sources\c90\common\fltol.c
		___fltol       		CODE           	23C8	0000	186

C:\Program Files\Microchip\xc8\v2.31\pic\sources\c90\common\fltol.c estimated size: 186

C:\Program Files\Microchip\xc8\v2.31\pic\sources\c90\common\xxtofl.c
		___xxtofl      		CODE           	1EFA	0000	320

C:\Program Files\Microchip\xc8\v2.31\pic\sources\c90\common\xxtofl.c estimated size: 320

C:\Program Files\Microchip\xc8\v2.31\pic\sources\c90\common\lbmod.c
		___lbmod       		CODE           	2C92	0000	42

C:\Program Files\Microchip\xc8\v2.31\pic\sources\c90\common\lbmod.c estimated size: 42

usart2.c
		_putch         		CODE           	2E1C	0000	16
		_USART2_Start  		CODE           	2826	0000	94

usart2.c estimated size: 110

ADS1110.c
		_configADS1110 		CODE           	2E6C	0000	12
		_writeADS1110  		CODE           	2D54	0000	32
		_readADS1110   		CODE           	2B42	0000	56

ADS1110.c estimated size: 100

main.c
		_configureIO   		CODE           	27C2	0000	100
		_readRH        		CODE           	2DC8	0000	24
		_readVSupply   		CODE           	2B7A	0000	50
		_Isr           		CODE           	0008	0000	36
		_main          		CODE           	19BA	0000	554
		_readBattery   		CODE           	2C0C	0000	46
		_readVFan      		CODE           	2BAC	0000	50
		_setupInterruptPin		CODE           	2E60	0000	12
		_setupAtoD     		CODE           	2A90	0000	62
		_transmitData  		CODE           	1BE4	0000	400
		_readTemperature		CODE           	2BDE	0000	46

main.c estimated size: 1380

